// Vitest Snapshot v1, https://vitest.dev/guide/snapshot.html

exports[`render correctly 1`] = `
<DocumentFragment>
  <div>
    HomeWorld,World
  </div>
</DocumentFragment>
`;
